warning: `VIRTUAL_ENV=C:\Users\user\ScienceBro\.venv` does not match the project environment path `.venv` and will be ignored; use `--active` to target the active environment instead
Using CPython 3.12.10 interpreter at: C:\Users\user\AppData\Local\Microsoft\WindowsApps\PythonSoftwareFoundation.Python.3.12_qbz5n2kfra8p0\python.exe
Creating virtual environment at: .venv
Resolved 87 packages in 8ms
   Building sciencebro @ file:///C:/Users/user/AppData/Local/Temp/sb-clean-3_crcqdz/clone
      Built sciencebro @ file:///C:/Users/user/AppData/Local/Temp/sb-clean-3_crcqdz/clone
Prepared 1 package in 8.33s
Installed 78 packages in 4.54s
 + altair==6.2.2
 + annotated-doc==0.0.5
 + annotated-types==0.8.0
 + anyio==4.14.2
 + ast-serialize==0.8.0
 + attrs==26.1.0
 + blinker==1.9.0
 + certifi==2026.7.22
 + cfgv==3.5.0
 + charset-normalizer==3.4.9
 + click==8.4.2
 + colorama==0.4.6
 + coverage==7.15.4
 + distlib==0.4.3
 + filelock==3.32.2
 + h11==0.16.0
 + httptools==0.8.0
 + hypothesis==6.165.3
 + identify==2.6.19
 + idna==3.18
 + iniconfig==2.3.0
 + itsdangerous==2.2.0
 + jinja2==3.1.6
 + jsonschema==4.26.0
 + jsonschema-specifications==2025.9.1
 + librt==0.15.0
 + markdown-it-py==4.2.0
 + markupsafe==3.0.3
 + mdurl==0.1.2
 + mypy==2.3.0
 + mypy-extensions==1.1.0
 + narwhals==2.24.0
 + nodeenv==1.10.0
 + numpy==2.5.2
 + packaging==26.3
 + pandas==3.0.5
 + pathspec==1.1.1
 + pillow==12.3.0
 + platformdirs==4.11.2
 + plotly==6.9.0
 + pluggy==1.6.0
 + pre-commit==4.6.2
 + protobuf==7.35.1
 + pyarrow==24.0.0
 + pydantic==2.13.4
 + pydantic-core==2.46.4
 + pydeck==0.9.3
 + pygments==2.20.0
 + pypdf==6.15.0
 + pytest==9.1.1
 + pytest-cov==7.1.0
 + python-dateutil==2.9.0.post0
 + python-discovery==1.5.1
 + python-multipart==0.0.32
 + pyyaml==6.0.3
 + referencing==0.37.0
 + requests==2.34.2
 + rich==15.0.0
 + rpds-py==2026.6.3
 + ruamel-yaml==0.19.1
 + ruff==0.16.2
 + sciencebro==0.1.0 (from file:///C:/Users/user/AppData/Local/Temp/sb-clean-3_crcqdz/clone)
 + shellingham==1.5.4
 + six==1.17.0
 + sortedcontainers==2.4.0
 + starlette==1.3.1
 + streamlit==1.61.1
 + tenacity==9.1.4
 + toml==0.10.2
 + typer==0.27.1
 + typing-extensions==4.16.0
 + typing-inspection==0.4.3
 + tzdata==2026.3
 + urllib3==2.7.0
 + uvicorn==0.52.1
 + virtualenv==21.7.4
 + watchdog==6.0.0
 + websockets==16.1.1
warning: `VIRTUAL_ENV=C:\Users\user\ScienceBro\.venv` does not match the project environment path `.venv` and will be ignored; use `--active` to target the active environment instead
............                                                             [100%]
warning: `VIRTUAL_ENV=C:\Users\user\ScienceBro\.venv` does not match the project environment path `.venv` and will be ignored; use `--active` to target the active environment instead
                                   sb doctor                                   
+-----------------------------------------------------------------------------+
| check         | status  | detail                                            |
|---------------+---------+---------------------------------------------------|
| python        | ok      | 3.12.10 (need >=3.12)                             |
| platform      | ok      | Windows 11                                        |
| git           | ok      | git version 2.53.0.windows.1                      |
| uv            | ok      | uv 0.11.7 (9d177269e 2026-04-15                   |
|               |         | x86_64-pc-windows-msvc)                           |
| docker        | missing | not found                                         |
| node          | ok      | v24.14.1                                          |
| gpu           | ok      | NVIDIA GeForce RTX 4070 SUPER, 12282 MiB          |
| pkg:pydantic  | ok      | importable                                        |
| pkg:typer     | ok      | importable                                        |
| pkg:rich      | ok      | importable                                        |
| pkg:streamlit | ok      | importable                                        |
| pkg:plotly    | ok      | importable                                        |
| pkg:pandas    | ok      | importable                                        |
| pkg:numpy     | ok      | importable                                        |
+-----------------------------------------------------------------------------+
warning: `VIRTUAL_ENV=C:\Users\user\ScienceBro\.venv` does not match the project environment path `.venv` and will be ignored; use `--active` to target the active environment instead
Independent Invariant Stress Test of AI-Discovered Black-Hole Metrics  stage: 
research
question: Are the reported non-Schwarzschild AInstein candidates genuine vacuum
black-hole geometries or numerical/optimization artifacts?
+------------------------------------------------------------+
| evidence    | 3 total / 2 full-text                        |
| claims      | 2 total / 1 supported                        |
| hypotheses  | 1 total / 0 frozen                           |
| experiments | 0 total / 0 frozen+                          |
| validation  | pass 0 / fail 0 / inconclusive 0 / pending 0 |
+------------------------------------------------------------+
unsupported claims: CL-0002
blocker: CL-0002: No independent evaluation has been performed yet.
blocker: CL-0002: Upstream candidate export format not yet identified.
next action: freeze the hypothesis and protocol before the confirmatory run
== git clone --quiet C:\Users\user\ScienceBro C:\Users\user\AppData\Local\Temp\sb-clean-3_crcqdz\clone
== uv sync --all-groups
== uv run pytest -q tests/unit
== uv run sb doctor
== uv run sb project status ainstein-audit
Clean-clone check passed.
EXIT=0
